// Jest Snapshot v1, https://goo.gl/fbAQLP

exports[`SeeMeClient creating client should return configured client 1`] = `
Object {
  "getBalance": [Function],
  "sendSMS": [Function],
  "setIP": [Function],
}
`;
